# this is the list of indices to be calculated using calcindices.py
# 
# each line have to have entries in the following sequence: variable,dataset,domain,basetime,index
# there must be no spaces
# lines commented with # and empty lines will be ignored
#

# chirps should be overwriting because of transition from prelim to stable
#CHIRPS-v2.0-p05-merged,observed,sadc,pr,mon,onsetD,index,1991,2020,0,0
CHIRPS-v2.0-p05-merged,observed,sadc,pr,mon,onsetD,absanom,1991,2020,0,0
#CHIRPS-v2.0-p05-merged,observed,sadc,pr,dek,onsetD,index,1991,2020,0,0
#CHIRPS-v2.0-p05-merged,observed,sadc,pr,dek,onsetD,absanom,1991,2020,0,0
#CHIRPS-v2.0-p05-merged,observed,sadc,pr,pent,onsetD,index,1991,2020,0,0
#CHIRPS-v2.0-p05-merged,observed,sadc,pr,pent,onsetD,absanom,1991,2020,0,0

# these are not calculated - need to sort out what to do with missing days
#ARC2,observed,sadc,pr,mon,onsetD,index,1991,2020,0,0
#ARC2,observed,sadc,pr,dek,onsetD,index,1991,2020,0,0
#ARC2,observed,sadc,pr,pent,onsetD,index,1991,2020,0,0

#TAMSAT-v3.1,observed,sadc,pr,mon,onsetD,index,1991,2020,0,0
#TAMSAT-v3.1,observed,sadc,pr,dek,onsetD,index,1991,2020,0,0
#TAMSAT-v3.1,observed,sadc,pr,pent,onsetD,index,1991,2020,0,0
