# this is the list of indices to be calculated using calcindices.py
# 
# each line have to have entries in the following sequence: variable,dataset,domain,basetime,index
# there must be no spaces
# lines commented with # and empty lines will be ignored
#
# allowed terms: 
# variable: pr
# dataset: ARC2 TAMSAT-v3.1 CHIRPS-v2.0-p05
# domain: sadc sey com mau
# basetime: mon seas year pent dek
# index: PRCPTOT Rx1day Rx5day
# anomtype: relative, absolute, quantile
# ovwerwrite: 0,1
#
# not all combinations of dataset and domain are possible, as not all datasets cover all domains, and not all datasets have appropriate resolution for small domains
# sadc: all
# sey,com,mau: CHIRPS-v2.0-p05
# 

CHIRPS-v2.0-p05-merged,observed,sadc,pr,mon,PRCPTOT,index,1991,2020,0,0
CHIRPS-v2.0-p05-merged,observed,sadc,pr,mon,PRCPTOT,percnormanom,1991,2020,0,0
CHIRPS-v2.0-p05-merged,observed,sadc,pr,mon,Rx1day,index,1991,2020,0,0
CHIRPS-v2.0-p05-merged,observed,sadc,pr,mon,Rx5day,index,1991,2020,0,0
CHIRPS-v2.0-p05-merged,observed,sadc,pr,mon,CDD,index,1991,2020,0,0
CHIRPS-v2.0-p05-merged,observed,sadc,pr,mon,CWD,index,1991,2020,0,0
CHIRPS-v2.0-p05-merged,observed,sadc,pr,mon,SDII,index,1991,2020,0,0
CHIRPS-v2.0-p05-merged,observed,sadc,pr,mon,R1mm,index,1991,2020,0,0
CHIRPS-v2.0-p05-merged,observed,sadc,pr,mon,R10mm,index,1991,2020,0,0
CHIRPS-v2.0-p05-merged,observed,sadc,pr,mon,R20mm,index,1991,2020,0,0

CHIRPS-v2.0-p05-merged,observed,sadc,pr,dek,PRCPTOT,index,1991,2020,0,0
CHIRPS-v2.0-p05-merged,observed,sadc,pr,dek,PRCPTOT,percnormanom,1991,2020,0,0
CHIRPS-v2.0-p05-merged,observed,sadc,pr,dek,Rx1day,index,1991,2020,0,0
CHIRPS-v2.0-p05-merged,observed,sadc,pr,dek,Rx5day,index,1991,2020,0,0
CHIRPS-v2.0-p05-merged,observed,sadc,pr,dek,CDD,index,1991,2020,0,0
CHIRPS-v2.0-p05-merged,observed,sadc,pr,dek,CWD,index,1991,2020,0,0
CHIRPS-v2.0-p05-merged,observed,sadc,pr,dek,SDII,index,1991,2020,0,0
CHIRPS-v2.0-p05-merged,observed,sadc,pr,dek,R1mm,index,1991,2020,0,0
CHIRPS-v2.0-p05-merged,observed,sadc,pr,dek,R10mm,index,1991,2020,0,0
CHIRPS-v2.0-p05-merged,observed,sadc,pr,dek,R20mm,index,1991,2020,0,0


CHIRPS-v2.0-p05-merged,observed,sadc,pr,pent,PRCPTOT,index,1991,2020,0,0
CHIRPS-v2.0-p05-merged,observed,sadc,pr,pent,PRCPTOT,percnormanom,1991,2020,0,0
CHIRPS-v2.0-p05-merged,observed,sadc,pr,pent,Rx1day,index,1991,2020,0,0
# it does not make sense to calculate Rx5day for pentade
CHIRPS-v2.0-p05-merged,observed,sadc,pr,pent,CDD,index,1991,2020,0,0
CHIRPS-v2.0-p05-merged,observed,sadc,pr,pent,CWD,index,1991,2020,0,0
CHIRPS-v2.0-p05-merged,observed,sadc,pr,pent,SDII,index,1991,2020,0,0
CHIRPS-v2.0-p05-merged,observed,sadc,pr,pent,R1mm,index,1991,2020,0,0
CHIRPS-v2.0-p05-merged,observed,sadc,pr,pent,R10mm,index,1991,2020,0,0
CHIRPS-v2.0-p05-merged,observed,sadc,pr,pent,R20mm,index,1991,2020,0,0

