# this is the list of indices to be calculated using calc_drought.py
# 
# each line have to have entries in the following sequence: dataset,datatype,domain,variable,basetime,index,indextime,indextype,climatologyfirstyear,climatologylastyear,percentmisssing,overwrite
# there must be no spaces
# lines commented with # and empty lines will be ignored
# 
# drought indices are calculated on monthly data, thus basetime will always be mon, and variable will be PRCPTOT (as this variable is calculated from daily data)
# allowed terms:
# variable: PRCPTOT 
# dataset: ARC2 TAMSAT-v3.1 CHIRPS-v2.0-p05
# domain: sadc sey com mau
# basetime: mon 
# index: SPI
# indextime: 1,3,6,12,36 - in fact any reasonable value should work...
# indextype: index, moddur,sevdur,extdur,modint,sevint,extint 
# in the above - mod,sev and ext denote moderate, severe and extreme drought, of drought of -1, -2 and -3 magnitude
# dur denotes duration, int - intensity. duration is calculated as duration in momnths, intensity is calculated as average intensity over the period when drought is of given severity or stronger
# fracmissing: 0.2
# ovwerwrite: 0 or 1
#
# 

CHIRPS-v2.0-p05-merged,observed,sadc,PRCPTOT,mon,spi,1,index,1991,2010,0,0
CHIRPS-v2.0-p05-merged,observed,sadc,PRCPTOT,mon,spi,3,index,1991,2010,0,0
CHIRPS-v2.0-p05-merged,observed,sadc,PRCPTOT,mon,spi,12,index,1991,2010,0,0
CHIRPS-v2.0-p05-merged,observed,sadc,PRCPTOT,mon,spi,36,index,1991,2010,0,0
#ARC2,observed,sadc,PRCPTOT,mon,spi,1,index,1991,2010,0,0
#ARC2,observed,sadc,PRCPTOT,mon,spi,3,index,1991,2010,0,0
#ARC2,observed,sadc,PRCPTOT,mon,spi,12,index,1991,2010,0,0
#ARC2,observed,sadc,PRCPTOT,mon,spi,36,index,1991,2010,0,0
#TAMSAT-v3.1,observed,sadc,PRCPTOT,mon,spi,1,index,1991,2010,0,0
#TAMSAT-v3.1,observed,sadc,PRCPTOT,mon,spi,3,index,1991,2010,0,0
#TAMSAT-v3.1,observed,sadc,PRCPTOT,mon,spi,12,index,1991,2010,0,0
#TAMSAT-v3.1,observed,sadc,PRCPTOT,mon,spi,36,index,1991,2010,0,0
