# this is the list of indices to be calculated using calcindices.py
# 
# each line have to have entries in the following sequence: variable,dataset,domain,basetime,index
# there must be no spaces
# lines commented with # and empty lines will be ignored
#
# allowed terms: 
# variable: pr
# dataset: ARC2 TAMSAT-v3.1 CHIRPS-v2.0-p05
# domain: sadc sey com mau
# basetime: mon seas year pent dek
# index: PRCPTOT Rx1day Rx5day
# anomtype: relative, absolute, quantile
# ovwerwrite: 0,1
#
# not all combinations of dataset and domain are possible, as not all datasets cover all domains, and not all datasets have appropriate resolution for small domains
# sadc: all
# sey,com,mau: CHIRPS-v2.0-p05
# 

#CHIRPS-v2.0-p05-merged,observed,sadc,seas,PRCPTOT,clim,1991,2020,0
CHIRPS-v2.0-p05-merged,observed,sadc,seas,CWD,index,1991,2020,0
CHIRPS-v2.0-p05-merged,observed,sadc,seas,CDD,index,1991,2020,0
CHIRPS-v2.0-p05-merged,observed,sadc,seas,R1mm,index,1991,2020,0
CHIRPS-v2.0-p05-merged,observed,sadc,seas,PRCPTOT,index,1991,2020,0
CHIRPS-v2.0-p05-merged,observed,sadc,seas,PRCPTOT,percnormanom,1991,2020,0
CHIRPS-v2.0-p05-merged,observed,sadc,seas,Rx1day,index,1991,2020,0
CHIRPS-v2.0-p05-merged,observed,sadc,seas,Rx5day,index,1991,2020,0
CHIRPS-v2.0-p05-merged,observed,sadc,seas,SDII,index,1991,2020,0
CHIRPS-v2.0-p05-merged,observed,sadc,seas,R10mm,index,1991,2020,0
CHIRPS-v2.0-p05-merged,observed,sadc,seas,R20mm,index,1991,2020,0

ERA5,reanalysis,sadc,seas,TN,index,1991,2020,0
ERA5,reanalysis,sadc,seas,TN,absanom,1991,2020,0
ERA5,reanalysis,sadc,seas,TNn,index,1991,2020,0
ERA5,reanalysis,sadc,seas,TX,index,1991,2020,0
ERA5,reanalysis,sadc,seas,TX,absanom,1991,2020,0
ERA5,reanalysis,sadc,seas,TXx,index,1991,2020,0
ERA5,reanalysis,sadc,seas,hwTN95,index,1991,2020,0
ERA5,reanalysis,sadc,seas,hwTX95,index,1991,2020,0


